src/config/permissions.ts(204,5): error TS2322: Type '"prf_tracker:view:all"' is not assignable to type '"requisition:create:burf" | "requisition:prepare:prf" | "requisition:create:prf" | "requisition:edit:draft" | "requisition:refile:rejected" | "requisition:cancel" | "requisition:print" | ... 86 more ... | "dashboard:section:check_auth"'.
src/config/permissions.ts(261,5): error TS2322: Type '"prf_tracker:view:all"' is not assignable to type '"requisition:create:burf" | "requisition:prepare:prf" | "requisition:create:prf" | "requisition:edit:draft" | "requisition:refile:rejected" | "requisition:cancel" | "requisition:print" | ... 86 more ... | "dashboard:section:check_auth"'.
src/config/permissions.ts(324,5): error TS2322: Type '"prf_tracker:view:all"' is not assignable to type '"requisition:create:burf" | "requisition:prepare:prf" | "requisition:create:prf" | "requisition:edit:draft" | "requisition:refile:rejected" | "requisition:cancel" | "requisition:print" | ... 86 more ... | "dashboard:section:check_auth"'.
src/config/permissions.ts(375,5): error TS2322: Type '"prf_tracker:view:all"' is not assignable to type '"requisition:create:burf" | "requisition:prepare:prf" | "requisition:create:prf" | "requisition:edit:draft" | "requisition:refile:rejected" | "requisition:cancel" | "requisition:print" | ... 86 more ... | "dashboard:section:check_auth"'.
src/config/permissions.ts(413,5): error TS2322: Type '"prf_tracker:view:all"' is not assignable to type '"requisition:create:burf" | "requisition:prepare:prf" | "requisition:create:prf" | "requisition:edit:draft" | "requisition:refile:rejected" | "requisition:cancel" | "requisition:print" | ... 86 more ... | "dashboard:section:check_auth"'.
src/config/permissions.ts(452,5): error TS2322: Type '"prf_tracker:view:all"' is not assignable to type '"requisition:create:burf" | "requisition:prepare:prf" | "requisition:create:prf" | "requisition:edit:draft" | "requisition:refile:rejected" | "requisition:cancel" | "requisition:print" | ... 86 more ... | "dashboard:section:check_auth"'.
src/config/permissions.ts(524,5): error TS2322: Type '"prf_tracker:view:all"' is not assignable to type '"requisition:create:burf" | "requisition:prepare:prf" | "requisition:create:prf" | "requisition:edit:draft" | "requisition:refile:rejected" | "requisition:cancel" | "requisition:print" | ... 86 more ... | "dashboard:section:check_auth"'.
src/features/pos/services/pos.service.ts(21,68): error TS2339: Property 'POS_ORDERS' does not exist on type '{ readonly USERS: "users"; readonly BUSINESSES: "businesses"; readonly REQUISITIONS: "requisitions"; readonly SUPPLIERS: "suppliers"; readonly NOTIFICATIONS: "notifications"; readonly SETTINGS: "settings"; ... 4 more ...; readonly BANK_RECON_STATEMENTS: "bankReconStatements"; }'.
src/features/pos/services/pos.service.ts(42,44): error TS2339: Property 'POS_ORDERS' does not exist on type '{ readonly USERS: "users"; readonly BUSINESSES: "businesses"; readonly REQUISITIONS: "requisitions"; readonly SUPPLIERS: "suppliers"; readonly NOTIFICATIONS: "notifications"; readonly SETTINGS: "settings"; ... 4 more ...; readonly BANK_RECON_STATEMENTS: "bankReconStatements"; }'.
src/features/procurement/views/PRFTrackerView.tsx(75,53): error TS2345: Argument of type '"prf_tracker:view:all"' is not assignable to parameter of type '"requisition:create:burf" | "requisition:prepare:prf" | "requisition:create:prf" | "requisition:edit:draft" | "requisition:refile:rejected" | "requisition:cancel" | "requisition:print" | ... 86 more ... | "dashboard:section:check_auth"'.
src/features/procurement/views/PRFTrackerView.tsx(211,40): error TS2345: Argument of type '"prf_tracker:view:all"' is not assignable to parameter of type '"requisition:create:burf" | "requisition:prepare:prf" | "requisition:create:prf" | "requisition:edit:draft" | "requisition:refile:rejected" | "requisition:cancel" | "requisition:print" | ... 86 more ... | "dashboard:section:check_auth"'.
